
> reglado-template@1.0.0 build
> node ./node_modules/vite/bin/vite.js build

node.exe : [33mThe CJS 
build of Vite's Node API 
is deprecated. See https:/
/vite.dev/guide/troublesho
oting.html#vite-cjs-node-a
pi-deprecated for more 
details.[39m
En línea: 1 Carácter: 1
+ & "C:\Program 
Files\nodejs/node.exe" 
"C:\Program 
Files\nodejs/node_mo ...
+ ~~~~~~~~~~~~~~~~~~~~~~~~
~~~~~~~~~~~~~~~~~~~~~~~~~~
~~~~~~~~~~~~~~~~~~~
    + CategoryInfo        
      : NotSpecified: (  
  [33mThe CJS bu...e de   
 tails.[39m:String) [    
], RemoteException
    + FullyQualifiedError 
   Id : NativeCommandErr  
  or
 
[36mvite v5.4.21 [32mbuilding for production...[36m[39m
transforming...
[32mÔ£ô[39m 66 modules transformed.
[31mx[39m Build failed 
in 403ms
[31merror during build:
[31m[vite:load-fallback] 
Could not load C:\RegladoP
royecto\RegladoC&A\src/com
ponents/sections/ContactIn
foSection.vue (imported 
by 
src/views/AboutView.vue): 
ENOENT: no such file or 
directory, open 'C:\Reglad
oProyecto\RegladoC&A\src\c
omponents\sections\Contact
InfoSection.vue'[31m
    at async open (node:in
ternal/fs/promises:637:25)
    at async 
Object.readFile (node:inte
rnal/fs/promises:1269:14)
    at async Object.load (
file:///C:/RegladoProyecto
/RegladoC&A/node_modules/v
ite/dist/node/chunks/dep-B
K3b2jBa.js:65357:25)
    at async PluginDriver.
hookFirstAndGetPlugin (fil
e:///C:/RegladoProyecto/Re
gladoC&A/node_modules/roll
up/dist/es/shared/node-ent
ry.js:22508:28)
    at async file:///C:/Re
gladoProyecto/RegladoC&A/n
ode_modules/rollup/dist/es
/shared/node-entry.js:2149
2:33
    at async Queue.work (f
ile:///C:/RegladoProyecto/
RegladoC&A/node_modules/ro
llup/dist/es/shared/node-e
ntry.js:22736:32)[39m
